Traceback (most recent call last):
  File "/home/noob/WorkPlace/kcgtest1/scripts/carts_v2/run_opposition60_static_control.py", line 400, in <module>
    raise SystemExit(main())
  File "/home/noob/WorkPlace/kcgtest1/scripts/carts_v2/run_opposition60_static_control.py", line 320, in main
    survivors, height_audit = search_height_projected_pregrasps(
  File "/home/noob/WorkPlace/kcgtest1/src/kcg_connector/kcg_connector/grasp/carts_v2/height_projected_search.py", line 480, in search_height_projected_pregrasps
    survivor, row = _evaluate_variant(
  File "/home/noob/WorkPlace/kcgtest1/src/kcg_connector/kcg_connector/grasp/carts_v2/height_projected_search.py", line 355, in _evaluate_variant
    current, prediction, probes = _first_contact_prediction(
  File "/home/noob/WorkPlace/kcgtest1/src/kcg_connector/kcg_connector/grasp/carts_v2/height_projected_search.py", line 248, in _first_contact_prediction
    candidate, prediction, row = _probe_contact_height(
  File "/home/noob/WorkPlace/kcgtest1/src/kcg_connector/kcg_connector/grasp/carts_v2/height_projected_search.py", line 213, in _probe_contact_height
    prediction = predictor.predict(candidate)
  File "/home/noob/WorkPlace/kcgtest1/src/kcg_connector/kcg_connector/grasp/carts_v2/closure_predictor.py", line 349, in predict
    selected, nearest, normals, inward = self._contact_at_phase(
  File "/home/noob/WorkPlace/kcgtest1/src/kcg_connector/kcg_connector/grasp/carts_v2/closure_predictor.py", line 170, in _contact_at_phase
    return self._exact_contact_at_phase(
  File "/home/noob/WorkPlace/kcgtest1/src/kcg_connector/kcg_connector/grasp/carts_v2/closure_predictor.py", line 251, in _exact_contact_at_phase
    return self._exact_pad_mesh.select_task_surface_contact(
  File "/home/noob/WorkPlace/kcgtest1/src/kcg_connector/kcg_connector/grasp/carts_v2/surface_contact.py", line 365, in select_task_surface_contact
    nearest, pad_points, object_normals = self.query_task_surface_witnesses(
  File "/home/noob/WorkPlace/kcgtest1/src/kcg_connector/kcg_connector/grasp/carts_v2/surface_contact.py", line 305, in query_task_surface_witnesses
    forbidden_distance, forbidden_face = self._forbidden_surface_distance(
  File "/home/noob/WorkPlace/kcgtest1/src/kcg_connector/kcg_connector/grasp/carts_v2/surface_contact.py", line 233, in _forbidden_surface_distance
    distance = float(fcl.distance(
  File "src/fcl/fcl.pyx", line 689, in fcl.fcl.distance
  File "src/fcl/fcl.pyx", line 782, in fcl.fcl.vec3d_to_numpy
KeyboardInterrupt
